// Jest Snapshot v1, https://goo.gl/fbAQLP

exports[`FinancialInstrumentsTableBody render 1`] = `
<tbody>
  <tr
    className="credit"
    key="0"
  >
    <td>
      ALPHA
    </td>
    <td
      className="price-negative"
    >
      -3150.67
    </td>
    <td>
      Credit
    </td>
  </tr>
  <tr
    className="equities"
    key="1"
  >
    <td>
      BETA
    </td>
    <td
      className="price-positive"
    >
      3791.37
    </td>
    <td>
      Equities
    </td>
  </tr>
  <tr
    className="equities"
    key="2"
  >
    <td>
      GAMMA
    </td>
    <td
      className="price-positive"
    >
      2299.1
    </td>
    <td>
      Equities
    </td>
  </tr>
  <tr
    className="equities"
    key="3"
  >
    <td>
      DELTA
    </td>
    <td
      className="price-positive"
    >
      3132.66
    </td>
    <td>
      Equities
    </td>
  </tr>
  <tr
    className="credit"
    key="4"
  >
    <td>
      EPSILON
    </td>
    <td
      className="price-negative"
    >
      -1168.46
    </td>
    <td>
      Credit
    </td>
  </tr>
  <tr
    className="credit"
    key="5"
  >
    <td>
      ZETA
    </td>
    <td
      className="price-positive"
    >
      2716.78
    </td>
    <td>
      Credit
    </td>
  </tr>
  <tr
    className="macro"
    key="6"
  >
    <td>
      ETA
    </td>
    <td
      className="price-positive"
    >
      3089.2
    </td>
    <td>
      Macro
    </td>
  </tr>
  <tr
    className="macro"
    key="7"
  >
    <td>
      THETA
    </td>
    <td
      className="price-positive"
    >
      1075.44
    </td>
    <td>
      Macro
    </td>
  </tr>
  <tr
    className="macro"
    key="8"
  >
    <td>
      IOTA
    </td>
    <td
      className="price-positive"
    >
      1096.64
    </td>
    <td>
      Macro
    </td>
  </tr>
  <tr
    className="credit"
    key="9"
  >
    <td>
      KAPPA
    </td>
    <td
      className="price-positive"
    >
      2321.17
    </td>
    <td>
      Credit
    </td>
  </tr>
  <tr
    className="credit"
    key="10"
  >
    <td>
      LAMBDA
    </td>
    <td
      className="price-positive"
    >
      1472.2
    </td>
    <td>
      Credit
    </td>
  </tr>
  <tr
    className="macro"
    key="11"
  >
    <td>
      MU
    </td>
    <td
      className="price-positive"
    >
      2136.64
    </td>
    <td>
      Macro
    </td>
  </tr>
  <tr
    className="macro"
    key="12"
  >
    <td>
      NU
    </td>
    <td
      className="price-positive"
    >
      2744.89
    </td>
    <td>
      Macro
    </td>
  </tr>
  <tr
    className="equities"
    key="13"
  >
    <td>
      OMIKRON
    </td>
    <td
      className="price-positive"
    >
      2735.1
    </td>
    <td>
      Equities
    </td>
  </tr>
  <tr
    className="equities"
    key="14"
  >
    <td>
      SIGMA
    </td>
    <td
      className="price-positive"
    >
      1854.19
    </td>
    <td>
      Equities
    </td>
  </tr>
  <tr
    className="macro"
    key="15"
  >
    <td>
      TAU
    </td>
    <td
      className="price-positive"
    >
      2082.71
    </td>
    <td>
      Macro
    </td>
  </tr>
  <tr
    className="equities"
    key="16"
  >
    <td>
      OMEGA
    </td>
    <td
      className="price-positive"
    >
      2306.35
    </td>
    <td>
      Equities
    </td>
  </tr>
  <tr
    className="credit"
    key="17"
  >
    <td>
      PSI
    </td>
    <td
      className="price-positive"
    >
      2997.78
    </td>
    <td>
      Credit
    </td>
  </tr>
</tbody>
`;
